../Core/Src/nrf24l01p.c:13:13:cs_high	8	static
../Core/Src/nrf24l01p.c:18:13:cs_low	8	static
../Core/Src/nrf24l01p.c:23:13:ce_high	8	static
../Core/Src/nrf24l01p.c:28:13:ce_low	8	static
../Core/Src/nrf24l01p.c:33:16:read_register	32	static
../Core/Src/nrf24l01p.c:47:16:write_register	32	static
../Core/Src/nrf24l01p.c:63:6:nrf24l01p_rx_init	24	static
../Core/Src/nrf24l01p.c:106:6:nrf24l01p_tx_init	24	static
../Core/Src/nrf24l01p.c:147:6:nrf24l01p_rx_receive	16	static
../Core/Src/nrf24l01p.c:155:6:nrf24l01p_tx_transmit	16	static
../Core/Src/nrf24l01p.c:160:6:nrf24l01p_tx_irq	16	static
../Core/Src/nrf24l01p.c:181:6:nrf24l01p_reset	8	static
../Core/Src/nrf24l01p.c:214:6:nrf24l01p_prx_mode	16	static
../Core/Src/nrf24l01p.c:222:6:nrf24l01p_ptx_mode	16	static
../Core/Src/nrf24l01p.c:230:9:nrf24l01p_read_rx_fifo	32	static
../Core/Src/nrf24l01p.c:243:9:nrf24l01p_write_tx_fifo	32	static
../Core/Src/nrf24l01p.c:256:9:nrf24l01p_set_pipe_address	32	static
../Core/Src/nrf24l01p.c:270:6:nrf24l01p_flush_rx_fifo	24	static
../Core/Src/nrf24l01p.c:280:6:nrf24l01p_flush_tx_fifo	24	static
../Core/Src/nrf24l01p.c:290:9:nrf24l01p_get_status	24	static
../Core/Src/nrf24l01p.c:302:9:nrf24l01p_get_fifo_status	8	static
../Core/Src/nrf24l01p.c:307:6:nrf24l01p_rx_set_payload_widths	16	static
../Core/Src/nrf24l01p.c:312:6:nrf24l01p_clear_rx_dr	16	static
../Core/Src/nrf24l01p.c:320:6:nrf24l01p_clear_tx_ds	16	static
../Core/Src/nrf24l01p.c:328:6:nrf24l01p_clear_max_rt	16	static
../Core/Src/nrf24l01p.c:336:6:nrf24l01p_power_up	16	static
../Core/Src/nrf24l01p.c:344:6:nrf24l01p_power_down	16	static
../Core/Src/nrf24l01p.c:352:6:nrf24l01p_set_crc_length	24	static
../Core/Src/nrf24l01p.c:371:6:nrf24l01p_set_address_widths	16	static
../Core/Src/nrf24l01p.c:376:6:nrf24l01p_auto_retransmit_count	24	static
../Core/Src/nrf24l01p.c:386:6:nrf24l01p_auto_retransmit_delay	24	static
../Core/Src/nrf24l01p.c:396:6:nrf24l01p_set_rf_channel	24	static
../Core/Src/nrf24l01p.c:402:6:nrf24l01p_set_rf_tx_output_power	24	static
../Core/Src/nrf24l01p.c:410:6:nrf24l01p_set_rf_air_data_rate	24	static
